
---------------------

=== Get All Parts (paginated) ===

GET http://localhost:5190/Part?pageNumber=1&pageSize=10
accept-encoding: gzip, deflate, br
accept: application/json
user-agent: httpyac
HTTP/1.1 200  - OK
connection: close
content-type: application/json; charset=utf-8
date: Thu, 23 Apr 2026 17:51:54 GMT
server: Kestrel
transfer-encoding: chunked

{
  "items": [],
  "totalCount": 0,
  "pageNumber": 1,
  "pageSize": 10,
  "totalPages": 0,
  "hasPreviousPage": false,
  "hasNextPage": false
}

---------------------

=== Get All Parts – with category filter ===

GET http://localhost:5190/Part?pageNumber=1&pageSize=10&category=Filters
accept-encoding: gzip, deflate, br
accept: application/json
user-agent: httpyac
HTTP/1.1 200  - OK
connection: close
content-type: application/json; charset=utf-8
date: Thu, 23 Apr 2026 17:51:54 GMT
server: Kestrel
transfer-encoding: chunked

{
  "items": [],
  "totalCount": 0,
  "pageNumber": 1,
  "pageSize": 10,
  "totalPages": 0,
  "hasPreviousPage": false,
  "hasNextPage": false
}

---------------------

=== Get All Parts – with supplier filter ===

GET http://localhost:5190/Part?pageNumber=1&pageSize=10&supplier=AutoParts%20Co.
accept-encoding: gzip, deflate, br
accept: application/json
user-agent: httpyac
HTTP/1.1 200  - OK
connection: close
content-type: application/json; charset=utf-8
date: Thu, 23 Apr 2026 17:51:54 GMT
server: Kestrel
transfer-encoding: chunked

{
  "items": [],
  "totalCount": 0,
  "pageNumber": 1,
  "pageSize": 10,
  "totalPages": 0,
  "hasPreviousPage": false,
  "hasNextPage": false
}

---------------------

=== Get All Parts – with search ===

GET http://localhost:5190/Part?search=brake
accept-encoding: gzip, deflate, br
accept: application/json
user-agent: httpyac
HTTP/1.1 200  - OK
connection: close
content-type: application/json; charset=utf-8
date: Thu, 23 Apr 2026 17:51:54 GMT
server: Kestrel
transfer-encoding: chunked

{
  "items": [],
  "totalCount": 0,
  "pageNumber": 1,
  "pageSize": 10,
  "totalPages": 0,
  "hasPreviousPage": false,
  "hasNextPage": false
}

---------------------

=== Get Part by ID – exists (id=1 Oil Filter) ===

GET http://localhost:5190/Part/17
accept-encoding: gzip, deflate, br
accept: application/json
user-agent: httpyac
HTTP/1.1 500  - Internal Server Error
connection: close
content-type: text/plain; charset=utf-8
date: Thu, 23 Apr 2026 17:51:54 GMT
server: Kestrel
transfer-encoding: chunked

System.Collections.Generic.KeyNotFoundException: Part with ID 17 not found.
   at MechanicShop.Application.Services.PartService.GetPartByIdAsync(Int32 id) in /home/mahmoud/ASP.NET Projects/Mechanic-Shop/src/MechanicShop.Application/Services/PartService.cs:line 131
   at MechanicShop.Api.Controller.PartController.GetPartById(Int32 id) in /home/mahmoud/ASP.NET Projects/Mechanic-Shop/src/MechanicShop.Api/Controller/PartController.cs:line 50
   at lambda_method52(Closure, Object)
   at Microsoft.AspNetCore.Mvc.Infrastructure.ActionMethodExecutor.AwaitableObjectResultExecutor.Execute(ActionContext actionContext, IActionResultTypeMapper mapper, ObjectMethodExecutor executor, Object controller, Object[] arguments)
   at Microsoft.AspNetCore.Mvc.Infrastructure.ControllerActionInvoker.<InvokeActionMethodAsync>g__Awaited|12_0(ControllerActionInvoker invoker, ValueTask`1 actionResultValueTask)
   at Microsoft.AspNetCore.Mvc.Infrastructure.ControllerActionInvoker.<InvokeNextActionFilterAsync>g__Awaited|10_0(ControllerActionInvoker invoker, Task lastTask, State next, Scope scope, Object state, Boolean isCompleted)
   at Microsoft.AspNetCore.Mvc.Infrastructure.ControllerActionInvoker.Rethrow(ActionExecutedContextSealed context)
   at Microsoft.AspNetCore.Mvc.Infrastructure.ControllerActionInvoker.Next(State& next, Scope& scope, Object& state, Boolean& isCompleted)
   at Microsoft.AspNetCore.Mvc.Infrastructure.ControllerActionInvoker.<InvokeInnerFilterAsync>g__Awaited|13_0(ControllerActionInvoker invoker, Task lastTask, State next, Scope scope, Object state, Boolean isCompleted)
   at Microsoft.AspNetCore.Mvc.Infrastructure.ResourceInvoker.<InvokeFilterPipelineAsync>g__Awaited|20_0(ResourceInvoker invoker, Task lastTask, State next, Scope scope, Object state, Boolean isCompleted)
   at Microsoft.AspNetCore.Mvc.Infrastructure.ResourceInvoker.<InvokeAsync>g__Awaited|17_0(ResourceInvoker invoker, Task task, IDisposable scope)
   at Microsoft.AspNetCore.Mvc.Infrastructure.ResourceInvoker.<InvokeAsync>g__Awaited|17_0(ResourceInvoker invoker, Task task, IDisposable scope)
   at Microsoft.AspNetCore.Authorization.AuthorizationMiddleware.Invoke(HttpContext context)
   at Swashbuckle.AspNetCore.SwaggerUI.SwaggerUIMiddleware.Invoke(HttpContext httpContext)
   at Swashbuckle.AspNetCore.Swagger.SwaggerMiddleware.Invoke(HttpContext httpContext, ISwaggerProvider swaggerProvider)
   at Microsoft.AspNetCore.Authentication.AuthenticationMiddleware.Invoke(HttpContext context)
   at Microsoft.AspNetCore.Diagnostics.DeveloperExceptionPageMiddlewareImpl.Invoke(HttpContext context)

HEADERS
=======
Accept: application/json
Connection: close
Host: localhost:5190
User-Agent: httpyac
Accept-Encoding: gzip, deflate, br


---------------------

=== Get Part by ID – NOT FOUND (id=999) ===

GET http://localhost:5190/Part/999
accept-encoding: gzip, deflate, br
accept: application/json
user-agent: httpyac
HTTP/1.1 500  - Internal Server Error
connection: close
content-type: text/plain; charset=utf-8
date: Thu, 23 Apr 2026 17:51:54 GMT
server: Kestrel
transfer-encoding: chunked

System.Collections.Generic.KeyNotFoundException: Part with ID 999 not found.
   at MechanicShop.Application.Services.PartService.GetPartByIdAsync(Int32 id) in /home/mahmoud/ASP.NET Projects/Mechanic-Shop/src/MechanicShop.Application/Services/PartService.cs:line 131
   at MechanicShop.Api.Controller.PartController.GetPartById(Int32 id) in /home/mahmoud/ASP.NET Projects/Mechanic-Shop/src/MechanicShop.Api/Controller/PartController.cs:line 50
   at lambda_method52(Closure, Object)
   at Microsoft.AspNetCore.Mvc.Infrastructure.ActionMethodExecutor.AwaitableObjectResultExecutor.Execute(ActionContext actionContext, IActionResultTypeMapper mapper, ObjectMethodExecutor executor, Object controller, Object[] arguments)
   at Microsoft.AspNetCore.Mvc.Infrastructure.ControllerActionInvoker.<InvokeActionMethodAsync>g__Awaited|12_0(ControllerActionInvoker invoker, ValueTask`1 actionResultValueTask)
   at Microsoft.AspNetCore.Mvc.Infrastructure.ControllerActionInvoker.<InvokeNextActionFilterAsync>g__Awaited|10_0(ControllerActionInvoker invoker, Task lastTask, State next, Scope scope, Object state, Boolean isCompleted)
   at Microsoft.AspNetCore.Mvc.Infrastructure.ControllerActionInvoker.Rethrow(ActionExecutedContextSealed context)
   at Microsoft.AspNetCore.Mvc.Infrastructure.ControllerActionInvoker.Next(State& next, Scope& scope, Object& state, Boolean& isCompleted)
   at Microsoft.AspNetCore.Mvc.Infrastructure.ControllerActionInvoker.<InvokeInnerFilterAsync>g__Awaited|13_0(ControllerActionInvoker invoker, Task lastTask, State next, Scope scope, Object state, Boolean isCompleted)
   at Microsoft.AspNetCore.Mvc.Infrastructure.ResourceInvoker.<InvokeFilterPipelineAsync>g__Awaited|20_0(ResourceInvoker invoker, Task lastTask, State next, Scope scope, Object state, Boolean isCompleted)
   at Microsoft.AspNetCore.Mvc.Infrastructure.ResourceInvoker.<InvokeAsync>g__Awaited|17_0(ResourceInvoker invoker, Task task, IDisposable scope)
   at Microsoft.AspNetCore.Mvc.Infrastructure.ResourceInvoker.<InvokeAsync>g__Awaited|17_0(ResourceInvoker invoker, Task task, IDisposable scope)
   at Microsoft.AspNetCore.Authorization.AuthorizationMiddleware.Invoke(HttpContext context)
   at Swashbuckle.AspNetCore.SwaggerUI.SwaggerUIMiddleware.Invoke(HttpContext httpContext)
   at Swashbuckle.AspNetCore.Swagger.SwaggerMiddleware.Invoke(HttpContext httpContext, ISwaggerProvider swaggerProvider)
   at Microsoft.AspNetCore.Authentication.AuthenticationMiddleware.Invoke(HttpContext context)
   at Microsoft.AspNetCore.Diagnostics.DeveloperExceptionPageMiddlewareImpl.Invoke(HttpContext context)

HEADERS
=======
Accept: application/json
Connection: close
Host: localhost:5190
User-Agent: httpyac
Accept-Encoding: gzip, deflate, br


---------------------

=== Create Part ===

POST http://localhost:5190/Part
accept-encoding: gzip, deflate, br
accept: */*
content-length: 193
content-type: application/json
user-agent: httpyac

{
  "name": "Transmission Fluid",
  "description": "ATF IV automatic transmission fluid 1L",
  "currentCost": 18.75,
  "stockQuantity": 40,
  "category": "Fluids",
  "supplier": "FluidMaster"
}
HTTP/1.1 201  - Created
connection: close
content-type: application/json; charset=utf-8
date: Thu, 23 Apr 2026 17:51:55 GMT
location: http://localhost:5190/Part/1
server: Kestrel
transfer-encoding: chunked

{
  "id": 1,
  "name": "Transmission Fluid",
  "description": "ATF IV automatic transmission fluid 1L",
  "currentCost": 18.75,
  "stockQuantity": 40,
  "category": "Fluids",
  "supplier": "FluidMaster",
  "createdAt": "2026-04-23T19:51:55.590444+02:00",
  "updatedAt": "2026-04-23T19:51:55.5904709+02:00"
}

---------------------

=== Update Part (id=1) ===

PUT http://localhost:5190/Part/partId?partId=1
accept-encoding: gzip, deflate, br
accept: */*
content-length: 190
content-type: application/json
user-agent: httpyac

{
  "name": "Oil Filter Premium",
  "description": "Premium oil filter for most cars",
  "currentCost": 17.50,
  "stockQuantity": 95,
  "category": "Filters",
  "supplier": "AutoParts Co."
}
HTTP/1.1 200  - OK
connection: close
content-type: application/json; charset=utf-8
date: Thu, 23 Apr 2026 17:51:55 GMT
server: Kestrel
transfer-encoding: chunked

{
  "id": 1,
  "name": "Oil Filter Premium",
  "description": "Premium oil filter for most cars",
  "currentCost": 17.5,
  "stockQuantity": 95,
  "category": "Filters",
  "supplier": "AutoParts Co.",
  "createdAt": "2026-04-23T19:51:55.590444",
  "updatedAt": "2026-04-23T19:51:55.8543357+02:00"
}

---------------------

=== Adjust Stock – increase (id=1, +10) ===

PATCH http://localhost:5190/Part/1/adjust-stock
accept-encoding: gzip, deflate, br
accept: */*
content-length: 22
content-type: application/json
user-agent: httpyac

{
  "adjustment": 10
}
HTTP/1.1 200  - OK
connection: close
content-type: application/json; charset=utf-8
date: Thu, 23 Apr 2026 17:51:55 GMT
server: Kestrel
transfer-encoding: chunked

{
  "id": 1,
  "name": "Oil Filter Premium",
  "description": "Premium oil filter for most cars",
  "currentCost": 17.5,
  "stockQuantity": 105,
  "category": "Filters",
  "supplier": "AutoParts Co.",
  "createdAt": "2026-04-23T19:51:55.590444",
  "updatedAt": "2026-04-23T19:51:55.8880565+02:00"
}

---------------------

=== Adjust Stock – decrease (id=1, -5) ===

PATCH http://localhost:5190/Part/1/adjust-stock
accept-encoding: gzip, deflate, br
accept: */*
content-length: 22
content-type: application/json
user-agent: httpyac

{
  "adjustment": -5
}
HTTP/1.1 200  - OK
connection: close
content-type: application/json; charset=utf-8
date: Thu, 23 Apr 2026 17:51:55 GMT
server: Kestrel
transfer-encoding: chunked

{
  "id": 1,
  "name": "Oil Filter Premium",
  "description": "Premium oil filter for most cars",
  "currentCost": 17.5,
  "stockQuantity": 100,
  "category": "Filters",
  "supplier": "AutoParts Co.",
  "createdAt": "2026-04-23T19:51:55.590444",
  "updatedAt": "2026-04-23T19:51:55.8988209+02:00"
}

---------------------

=== --- Delete Part (id=17 – the one we created) ===

DELETE http://localhost:5190/Part/17
accept-encoding: gzip, deflate, br
accept: */*
user-agent: httpyac
HTTP/1.1 404  - Not Found
connection: close
content-type: application/problem+json; charset=utf-8
date: Thu, 23 Apr 2026 17:51:55 GMT
server: Kestrel
transfer-encoding: chunked

{
  "type": "https://tools.ietf.org/html/rfc9110#section-15.5.5",
  "title": "Not Found",
  "status": 404,
  "traceId": "00-fd3a01adcf551e0dfc6187d5678af044-3ef0113bbf82352c-00"
}

---------------------

=== Delete Part – NOT FOUND (id=999) ===

DELETE http://localhost:5190/Part/999
accept-encoding: gzip, deflate, br
accept: */*
user-agent: httpyac
HTTP/1.1 404  - Not Found
connection: close
content-type: application/problem+json; charset=utf-8
date: Thu, 23 Apr 2026 17:51:55 GMT
server: Kestrel
transfer-encoding: chunked

{
  "type": "https://tools.ietf.org/html/rfc9110#section-15.5.5",
  "title": "Not Found",
  "status": 404,
  "traceId": "00-9b231bdb6b2e16e3fa134978cff843fb-3268c1f4fff37f78-00"
}

---------------------

=== Get All Repair Tasks (paginated) ===

GET http://localhost:5190/api/RepairTask?pageNumber=1&pageSize=10
accept-encoding: gzip, deflate, br
accept: application/json
user-agent: httpyac
HTTP/1.1 200  - OK
connection: close
content-type: application/json; charset=utf-8
date: Thu, 23 Apr 2026 17:51:55 GMT
server: Kestrel
transfer-encoding: chunked

{
  "items": [],
  "totalCount": 0,
  "pageNumber": 1,
  "pageSize": 10,
  "totalPages": 0,
  "hasPreviousPage": false,
  "hasNextPage": false
}

---------------------

=== ---- Create Repair Task ===

POST http://localhost:5190/api/RepairTask
accept-encoding: gzip, deflate, br
accept: */*
content-length: 95
content-type: application/json
user-agent: httpyac

{
  "name": "Wheel Alignment",
  "estimatedDuration": "01:00:00",
  "defaultLaborCost": 55.00
}
HTTP/1.1 201  - Created
connection: close
content-type: application/json; charset=utf-8
date: Thu, 23 Apr 2026 17:51:55 GMT
location: http://localhost:5190/api/RepairTask
server: Kestrel
transfer-encoding: chunked

{
  "id": 1,
  "name": "Wheel Alignment",
  "estimatedDuration": "01:00:00",
  "defaultLaborCost": 55,
  "createdAt": "2026-04-23T17:51:55.9921837",
  "updatedAt": "2026-04-23T17:51:55.9921837"
}

---------------------

=== Update Repair Task (id=1 – Oil Change) ===

PUT http://localhost:5190/api/RepairTask/1
accept-encoding: gzip, deflate, br
accept: */*
content-length: 90
content-type: application/json
user-agent: httpyac

{
  "name": "Oil Change",
  "estimatedDuration": "00:40:00",
  "defaultLaborCost": 35.00
}
HTTP/1.1 200  - OK
connection: close
content-type: application/json; charset=utf-8
date: Thu, 23 Apr 2026 17:51:55 GMT
server: Kestrel
transfer-encoding: chunked

{
  "id": 1,
  "name": "Oil Change",
  "estimatedDuration": "00:40:00",
  "defaultLaborCost": 35,
  "createdAt": "2026-04-23T17:51:55.992183",
  "updatedAt": "2026-04-23T17:51:56.059173"
}

---------------------

=== Update Repair Task – NOT FOUND (id=999) ===

PUT http://localhost:5190/api/RepairTask/999
accept-encoding: gzip, deflate, br
accept: */*
content-length: 97
content-type: application/json
user-agent: httpyac

{
  "name": "Non-existent Task",
  "estimatedDuration": "01:00:00",
  "defaultLaborCost": 50.00
}
HTTP/1.1 404  - Not Found
connection: close
content-type: text/plain; charset=utf-8
date: Thu, 23 Apr 2026 17:51:55 GMT
server: Kestrel
transfer-encoding: chunked

RepairTask with ID 999 not found.

---------------------

=== Search Repair Tasks by name ===

GET http://localhost:5190/api/RepairTask/search?searchTerm=oil
accept-encoding: gzip, deflate, br
accept: application/json
user-agent: httpyac
HTTP/1.1 200  - OK
connection: close
content-type: application/json; charset=utf-8
date: Thu, 23 Apr 2026 17:51:55 GMT
server: Kestrel
transfer-encoding: chunked

[
  {
    "id": 1,
    "name": "Oil Change",
    "estimatedDuration": "00:40:00",
    "defaultLaborCost": 35,
    "isDeleted": false,
    "deletedAt": null,
    "createdAt": "2026-04-23T17:51:55.992183",
    "updatedAt": "2026-04-23T19:51:56.063938",
    "workOrderRepairTasks": [],
    "parts": []
  }
]

---------------------

=== Get Associated Parts for Task (id=1 – Oil Change → Oil Filter, Engine Oil) ===

GET http://localhost:5190/api/RepairTask/1/parts
accept-encoding: gzip, deflate, br
accept: application/json
user-agent: httpyac
HTTP/1.1 200  - OK
connection: close
content-type: application/json; charset=utf-8
date: Thu, 23 Apr 2026 17:51:55 GMT
server: Kestrel
transfer-encoding: chunked

[]

---------------------

=== Link Parts to Repair Task (id=7 – Full Inspection, link parts 1,4) ===

POST http://localhost:5190/api/RepairTask/7/parts
accept-encoding: gzip, deflate, br
accept: */*
content-length: 6
content-type: application/json
user-agent: httpyac

[1, 4]
HTTP/1.1 404  - Not Found
connection: close
content-type: text/plain; charset=utf-8
date: Thu, 23 Apr 2026 17:51:55 GMT
server: Kestrel
transfer-encoding: chunked

RepairTask with ID 7 not found.

---------------------

=== Unlink Parts from Repair Task (id=7, unlink part 4) ===

DELETE http://localhost:5190/api/RepairTask/7/parts
accept-encoding: gzip, deflate, br
accept: */*
content-length: 3
content-type: application/json
user-agent: httpyac

[4]
HTTP/1.1 404  - Not Found
connection: close
content-type: text/plain; charset=utf-8
date: Thu, 23 Apr 2026 17:51:55 GMT
server: Kestrel
transfer-encoding: chunked

RepairTask with ID 7 not found.

---------------------

=== Delete Repair Task (id=9 – the Wheel Alignment we created) ===

DELETE http://localhost:5190/api/RepairTask/9
accept-encoding: gzip, deflate, br
accept: */*
user-agent: httpyac
HTTP/1.1 404  - Not Found
connection: close
content-type: text/plain; charset=utf-8
date: Thu, 23 Apr 2026 17:51:55 GMT
server: Kestrel
transfer-encoding: chunked

RepairTask with ID 9 not found.

---------------------

=== Delete Repair Task – NOT FOUND (id=999) ===

DELETE http://localhost:5190/api/RepairTask/999
accept-encoding: gzip, deflate, br
accept: */*
user-agent: httpyac
HTTP/1.1 404  - Not Found
connection: close
content-type: text/plain; charset=utf-8
date: Thu, 23 Apr 2026 17:51:55 GMT
server: Kestrel
transfer-encoding: chunked

RepairTask with ID 999 not found.

---------------------

=== Get All Work Orders (paginated) ===

GET http://localhost:5190/api/work-orders?pageNumber=1&pageSize=20
accept-encoding: gzip, deflate, br
accept: application/json
user-agent: httpyac
HTTP/1.1 200  - OK
connection: close
content-type: application/json; charset=utf-8
date: Thu, 23 Apr 2026 17:51:55 GMT
server: Kestrel
transfer-encoding: chunked

{
  "items": [],
  "totalCount": 0,
  "pageNumber": 1,
  "pageSize": 20,
  "totalPages": 0,
  "hasPreviousPage": false,
  "hasNextPage": false
}

---------------------

=== Get All Work Orders – filter by state ===

GET http://localhost:5190/api/work-orders?state=In_Progress
accept-encoding: gzip, deflate, br
accept: application/json
user-agent: httpyac
HTTP/1.1 200  - OK
connection: close
content-type: application/json; charset=utf-8
date: Thu, 23 Apr 2026 17:51:55 GMT
server: Kestrel
transfer-encoding: chunked

{
  "items": [],
  "totalCount": 0,
  "pageNumber": 1,
  "pageSize": 20,
  "totalPages": 0,
  "hasPreviousPage": false,
  "hasNextPage": false
}

---------------------

=== Get All Work Orders – search by vehicle/customer info ===

GET http://localhost:5190/api/work-orders?search=toyota
accept-encoding: gzip, deflate, br
accept: application/json
user-agent: httpyac
HTTP/1.1 200  - OK
connection: close
content-type: application/json; charset=utf-8
date: Thu, 23 Apr 2026 17:51:55 GMT
server: Kestrel
transfer-encoding: chunked

{
  "items": [],
  "totalCount": 0,
  "pageNumber": 1,
  "pageSize": 20,
  "totalPages": 0,
  "hasPreviousPage": false,
  "hasNextPage": false
}

---------------------

=== Get Work Order by ID – exists (id=2 – In_Progress) ===

GET http://localhost:5190/api/work-orders/2
accept-encoding: gzip, deflate, br
accept: application/json
user-agent: httpyac
HTTP/1.1 404  - Not Found
connection: close
content-type: application/json; charset=utf-8
date: Thu, 23 Apr 2026 17:51:55 GMT
server: Kestrel
transfer-encoding: chunked

"WorkOrder with ID 2 not found."

---------------------

=== Get Work Order by ID – NOT FOUND (id=999) ===

GET http://localhost:5190/api/work-orders/999
accept-encoding: gzip, deflate, br
accept: application/json
user-agent: httpyac
HTTP/1.1 404  - Not Found
connection: close
content-type: application/json; charset=utf-8
date: Thu, 23 Apr 2026 17:51:55 GMT
server: Kestrel
transfer-encoding: chunked

"WorkOrder with ID 999 not found."

---------------------

=== Get Work Orders by Employee (employee id=1 – Omar) ===

GET http://localhost:5190/api/work-orders/employee/1
accept-encoding: gzip, deflate, br
accept: application/json
user-agent: httpyac
HTTP/1.1 200  - OK
connection: close
content-type: application/json; charset=utf-8
date: Thu, 23 Apr 2026 17:51:55 GMT
server: Kestrel
transfer-encoding: chunked

[]

---------------------

=== Get Work Orders by Customer (customer id=1 – Youssef) ===

GET http://localhost:5190/api/work-orders/customer/1
accept-encoding: gzip, deflate, br
accept: application/json
user-agent: httpyac
HTTP/1.1 200  - OK
connection: close
content-type: application/json; charset=utf-8
date: Thu, 23 Apr 2026 17:51:55 GMT
server: Kestrel
transfer-encoding: chunked

[]

---------------------

=== Get Work Orders by Vehicle (vehicle id=1 – Toyota Camry) ===

GET http://localhost:5190/api/work-orders/vehicle/1
accept-encoding: gzip, deflate, br
accept: application/json
user-agent: httpyac
HTTP/1.1 200  - OK
connection: close
content-type: application/json; charset=utf-8
date: Thu, 23 Apr 2026 17:51:55 GMT
server: Kestrel
transfer-encoding: chunked

[]

---------------------

=== -- Create Work Order – basic (vehicle only) ===

POST http://localhost:5190/api/work-orders
accept-encoding: gzip, deflate, br
accept: */*
content-length: 20
content-type: application/json
user-agent: httpyac

{
  "vehicleId": 5
}
HTTP/1.1 500  - Internal Server Error
connection: close
content-type: text/plain; charset=utf-8
date: Thu, 23 Apr 2026 17:51:55 GMT
server: Kestrel
transfer-encoding: chunked

An error occurred while saving the entity changes. See the inner exception for details.

---------------------

=== -- Create Work Order – with employees, tasks, and parts ===

POST http://localhost:5190/api/work-orders
accept-encoding: gzip, deflate, br
accept: */*
content-length: 90
content-type: application/json
user-agent: httpyac

{
  "vehicleId": 1,
  "employeeIds": [1, 2],
  "repairTaskIds": [7],
  "partIds": [1, 4]
}
HTTP/1.1 500  - Internal Server Error
connection: close
content-type: text/plain; charset=utf-8
date: Thu, 23 Apr 2026 17:51:55 GMT
server: Kestrel
transfer-encoding: chunked

An error occurred while saving the entity changes. See the inner exception for details.

---------------------

=== Assign Employees to Work Order (id=1 – Scheduled) ===

PUT http://localhost:5190/api/work-orders/1/assign-employees
accept-encoding: gzip, deflate, br
accept: */*
content-length: 6
content-type: application/json
user-agent: httpyac

[2, 3]
HTTP/1.1 404  - Not Found
connection: close
content-type: text/plain; charset=utf-8
date: Thu, 23 Apr 2026 17:51:55 GMT
server: Kestrel
transfer-encoding: chunked

WorkOrder with ID 1 not found.

---------------------

=== Assign Employees – NOT FOUND work order (id=999) ===

PUT http://localhost:5190/api/work-orders/999/assign-employees
accept-encoding: gzip, deflate, br
accept: */*
content-length: 3
content-type: application/json
user-agent: httpyac

[1]
HTTP/1.1 404  - Not Found
connection: close
content-type: text/plain; charset=utf-8
date: Thu, 23 Apr 2026 17:51:55 GMT
server: Kestrel
transfer-encoding: chunked

WorkOrder with ID 999 not found.

---------------------

=== Assign Employees – invalid employee IDs ===

PUT http://localhost:5190/api/work-orders/1/assign-employees
accept-encoding: gzip, deflate, br
accept: */*
content-length: 10
content-type: application/json
user-agent: httpyac

[999, 888]
HTTP/1.1 404  - Not Found
connection: close
content-type: text/plain; charset=utf-8
date: Thu, 23 Apr 2026 17:51:55 GMT
server: Kestrel
transfer-encoding: chunked

WorkOrder with ID 1 not found.

---------------------

=== Add Repair Tasks to Work Order (id=1) ===

PUT http://localhost:5190/api/work-orders/1/add-repair-tasks
accept-encoding: gzip, deflate, br
accept: */*
content-length: 6
content-type: application/json
user-agent: httpyac

[1, 3]
HTTP/1.1 404  - Not Found
connection: close
content-type: text/plain; charset=utf-8
date: Thu, 23 Apr 2026 17:51:55 GMT
server: Kestrel
transfer-encoding: chunked

WorkOrder with ID 1 not found.

---------------------

=== Add Repair Tasks – NOT FOUND work order (id=999) ===

PUT http://localhost:5190/api/work-orders/999/add-repair-tasks
accept-encoding: gzip, deflate, br
accept: */*
content-length: 3
content-type: application/json
user-agent: httpyac

[1]
HTTP/1.1 404  - Not Found
connection: close
content-type: text/plain; charset=utf-8
date: Thu, 23 Apr 2026 17:51:55 GMT
server: Kestrel
transfer-encoding: chunked

WorkOrder with ID 999 not found.

---------------------

=== Add Parts to Work Order (id=1) ===

PUT http://localhost:5190/api/work-orders/1/add-parts
accept-encoding: gzip, deflate, br
accept: */*
content-length: 10
content-type: application/json
user-agent: httpyac

[1, 3, 10]
HTTP/1.1 404  - Not Found
connection: close
content-type: text/plain; charset=utf-8
date: Thu, 23 Apr 2026 17:51:55 GMT
server: Kestrel
transfer-encoding: chunked

WorkOrder with ID 1 not found.

---------------------

=== Add Parts – NOT FOUND work order (id=999) ===

PUT http://localhost:5190/api/work-orders/999/add-parts
accept-encoding: gzip, deflate, br
accept: */*
content-length: 3
content-type: application/json
user-agent: httpyac

[1]
HTTP/1.1 404  - Not Found
connection: close
content-type: text/plain; charset=utf-8
date: Thu, 23 Apr 2026 17:51:55 GMT
server: Kestrel
transfer-encoding: chunked

WorkOrder with ID 999 not found.

---------------------

=== ---- Change State – Scheduled → In_Progress (id=1) ===

PUT http://localhost:5190/api/work-orders/1/state
accept-encoding: gzip, deflate, br
accept: */*
content-length: 13
content-type: application/json
user-agent: httpyac

"In_Progress"
HTTP/1.1 404  - Not Found
connection: close
content-type: text/plain; charset=utf-8
date: Thu, 23 Apr 2026 17:51:56 GMT
server: Kestrel
transfer-encoding: chunked

WorkOrder with ID 1 not found.

---------------------

=== Change State – NOT FOUND (id=999) ===

PUT http://localhost:5190/api/work-orders/999/state
accept-encoding: gzip, deflate, br
accept: */*
content-length: 13
content-type: application/json
user-agent: httpyac

"In_Progress"
HTTP/1.1 404  - Not Found
connection: close
content-type: text/plain; charset=utf-8
date: Thu, 23 Apr 2026 17:51:56 GMT
server: Kestrel
transfer-encoding: chunked

WorkOrder with ID 999 not found.

---------------------

=== ----- Update Work Order timestamp (id=1) ===

PUT http://localhost:5190/api/work-orders/1
accept-encoding: gzip, deflate, br
accept: */*
user-agent: httpyac
HTTP/1.1 404  - Not Found
connection: close
content-type: text/plain; charset=utf-8
date: Thu, 23 Apr 2026 17:51:56 GMT
server: Kestrel
transfer-encoding: chunked

WorkOrder with ID 1 not found.

---------------------

=== ---- Complete Work Order – SUCCESS (id=2 – is In_Progress) ===


---------------------

=== This should change state to Completed and auto-generate an invoice ===

PUT http://localhost:5190/api/work-orders/2/complete
accept-encoding: gzip, deflate, br
accept: */*
user-agent: httpyac
HTTP/1.1 404  - Not Found
connection: close
content-type: text/plain; charset=utf-8
date: Thu, 23 Apr 2026 17:51:56 GMT
server: Kestrel
transfer-encoding: chunked

WorkOrder with ID 2 not found.

---------------------

=== Complete Work Order – BAD REQUEST (id=1 – is Scheduled, not In_Progress) ===


---------------------

=== Expected: 400 Bad Request ===

PUT http://localhost:5190/api/work-orders/1/complete
accept-encoding: gzip, deflate, br
accept: */*
user-agent: httpyac
HTTP/1.1 404  - Not Found
connection: close
content-type: text/plain; charset=utf-8
date: Thu, 23 Apr 2026 17:51:56 GMT
server: Kestrel
transfer-encoding: chunked

WorkOrder with ID 1 not found.

---------------------

=== Complete Work Order – BAD REQUEST (id=4 – already Completed) ===


---------------------

=== Expected: 400 Bad Request ===

PUT http://localhost:5190/api/work-orders/4/complete
accept-encoding: gzip, deflate, br
accept: */*
user-agent: httpyac
HTTP/1.1 404  - Not Found
connection: close
content-type: text/plain; charset=utf-8
date: Thu, 23 Apr 2026 17:51:56 GMT
server: Kestrel
transfer-encoding: chunked

WorkOrder with ID 4 not found.

---------------------

=== Complete Work Order – BAD REQUEST (id=5 – is Cancelled) ===


---------------------

=== Expected: 400 Bad Request ===

PUT http://localhost:5190/api/work-orders/5/complete
accept-encoding: gzip, deflate, br
accept: */*
user-agent: httpyac
HTTP/1.1 404  - Not Found
connection: close
content-type: text/plain; charset=utf-8
date: Thu, 23 Apr 2026 17:51:56 GMT
server: Kestrel
transfer-encoding: chunked

WorkOrder with ID 5 not found.

---------------------

=== Complete Work Order – NOT FOUND (id=999) ===


---------------------

=== Expected: 404 Not Found ===

PUT http://localhost:5190/api/work-orders/999/complete
accept-encoding: gzip, deflate, br
accept: */*
user-agent: httpyac
HTTP/1.1 404  - Not Found
connection: close
content-type: text/plain; charset=utf-8
date: Thu, 23 Apr 2026 17:51:56 GMT
server: Kestrel
transfer-encoding: chunked

WorkOrder with ID 999 not found.

---------------------

=== ---- Complete Work Order – SUCCESS (id=3 – In_Progress, second test) ===

PUT http://localhost:5190/api/work-orders/3/complete
accept-encoding: gzip, deflate, br
accept: */*
user-agent: httpyac
HTTP/1.1 404  - Not Found
connection: close
content-type: text/plain; charset=utf-8
date: Thu, 23 Apr 2026 17:51:56 GMT
server: Kestrel
transfer-encoding: chunked

WorkOrder with ID 3 not found.

---------------------

=== Get Invoice – pre-existing (id=1 – from WO 4 in seed data) ===

GET http://localhost:5190/api/invoices/1
accept-encoding: gzip, deflate, br
accept: application/json
user-agent: httpyac
HTTP/1.1 404  - Not Found
connection: close
content-type: application/json; charset=utf-8
date: Thu, 23 Apr 2026 17:51:56 GMT
server: Kestrel
transfer-encoding: chunked

"Invoice with ID 1 not found."

---------------------

=== Get Invoice – auto-generated (id=2 – created when WO 2 was completed) ===


---------------------

=== Run the "Complete Work Order – SUCCESS (id=2)" request first! ===

GET http://localhost:5190/api/invoices/1
accept-encoding: gzip, deflate, br
accept: application/json
user-agent: httpyac
HTTP/1.1 404  - Not Found
connection: close
content-type: application/json; charset=utf-8
date: Thu, 23 Apr 2026 17:51:56 GMT
server: Kestrel
transfer-encoding: chunked

"Invoice with ID 1 not found."

---------------------

=== Get Invoice – NOT FOUND (id=999) ===


---------------------

=== Expected: 404 Not Found ===

GET http://localhost:5190/api/invoices/999
accept-encoding: gzip, deflate, br
accept: application/json
user-agent: httpyac
HTTP/1.1 404  - Not Found
connection: close
content-type: application/json; charset=utf-8
date: Thu, 23 Apr 2026 17:51:56 GMT
server: Kestrel
transfer-encoding: chunked

"Invoice with ID 999 not found."

---------------------

=== Get Employee Work Orders (Using X-Employee-Id) ===

GET http://localhost:5190/api/employees/me/work-orders
accept-encoding: gzip, deflate, br
accept: application/json
user-agent: httpyac
x-employee-id: 2
HTTP/1.1 200  - OK
connection: close
content-type: application/json; charset=utf-8
date: Thu, 23 Apr 2026 17:51:56 GMT
server: Kestrel
transfer-encoding: chunked

[]

---------------------

=== Start Work Order (Using X-Employee-Id) ===

PUT http://localhost:5190/api/work-orders/1/start
accept-encoding: gzip, deflate, br
accept: */*
user-agent: httpyac
x-employee-id: 2
HTTP/1.1 404  - Not Found
connection: close
content-type: text/plain; charset=utf-8
date: Thu, 23 Apr 2026 17:51:56 GMT
server: Kestrel
transfer-encoding: chunked

WorkOrder with ID 1 not found.

---------------------

=== Update Hours Worked (Using X-Employee-Id) ===

PUT http://localhost:5190/api/work-orders/1/update-hours
accept-encoding: gzip, deflate, br
accept: */*
content-length: 25
content-type: application/json
user-agent: httpyac
x-employee-id: 2

{
  "hoursWorked": 3.75
}
HTTP/1.1 404  - Not Found
connection: close
content-type: text/plain; charset=utf-8
date: Thu, 23 Apr 2026 17:51:56 GMT
server: Kestrel
transfer-encoding: chunked

WorkOrder with ID 1 not found.

---------------------

=== Complete Work Order (Using X-Employee-Id) ===

PUT http://localhost:5190/api/work-orders/1/complete
accept-encoding: gzip, deflate, br
accept: */*
user-agent: httpyac
x-employee-id: 2
HTTP/1.1 404  - Not Found
connection: close
content-type: text/plain; charset=utf-8
date: Thu, 23 Apr 2026 17:51:56 GMT
server: Kestrel
transfer-encoding: chunked

WorkOrder with ID 1 not found.

---------------------

=== Cancel Work Order (Using X-Employee-Id) ===

PUT http://localhost:5190/api/work-orders/2/cancel
accept-encoding: gzip, deflate, br
accept: */*
user-agent: httpyac
x-employee-id: 2
HTTP/1.1 404  - Not Found
connection: close
content-type: text/plain; charset=utf-8
date: Thu, 23 Apr 2026 17:51:56 GMT
server: Kestrel
transfer-encoding: chunked

WorkOrder with ID 2 not found.

---------------------

=== Update Part Usage (Using X-Employee-Id) ===

PUT http://localhost:5190/api/work-orders/1/update-part-usage
accept-encoding: gzip, deflate, br
accept: */*
content-length: 98
content-type: application/json
user-agent: httpyac
x-employee-id: 2

[
  {
    "partId": 1,
    "quantityUsed": 1
  },
  {
    "partId": 4,
    "quantityUsed": 2
  }
]
HTTP/1.1 404  - Not Found
connection: close
content-type: text/plain; charset=utf-8
date: Thu, 23 Apr 2026 17:51:56 GMT
server: Kestrel
transfer-encoding: chunked

WorkOrder with ID 1 not found.

---------------------

=== Update Part Usage – NOT FOUND work order (id=999) ===

PUT http://localhost:5190/api/work-orders/999/update-part-usage
accept-encoding: gzip, deflate, br
accept: */*
content-length: 50
content-type: application/json
user-agent: httpyac
x-employee-id: 2

[
  {
    "partId": 1,
    "quantityUsed": 1
  }
]
HTTP/1.1 404  - Not Found
connection: close
content-type: text/plain; charset=utf-8
date: Thu, 23 Apr 2026 17:51:56 GMT
server: Kestrel
transfer-encoding: chunked

WorkOrder with ID 999 not found.

---------------------

=== Update Part Usage – 403 Forbidden (employee not assigned) ===

PUT http://localhost:5190/api/work-orders/1/update-part-usage
accept-encoding: gzip, deflate, br
accept: */*
content-length: 50
content-type: application/json
user-agent: httpyac
x-employee-id: 99

[
  {
    "partId": 1,
    "quantityUsed": 1
  }
]
HTTP/1.1 404  - Not Found
connection: close
content-type: text/plain; charset=utf-8
date: Thu, 23 Apr 2026 17:51:56 GMT
server: Kestrel
transfer-encoding: chunked

WorkOrder with ID 1 not found.

---------------------

=== Update Part Usage – 400 Bad Request (part not in work order) ===

PUT http://localhost:5190/api/work-orders/1/update-part-usage
accept-encoding: gzip, deflate, br
accept: */*
content-length: 52
content-type: application/json
user-agent: httpyac
x-employee-id: 2

[
  {
    "partId": 999,
    "quantityUsed": 1
  }
]
HTTP/1.1 404  - Not Found
connection: close
content-type: text/plain; charset=utf-8
date: Thu, 23 Apr 2026 17:51:56 GMT
server: Kestrel
transfer-encoding: chunked

WorkOrder with ID 1 not found.

---------------------

=== Update Part Usage – 400 Bad Request (insufficient stock) ===

PUT http://localhost:5190/api/work-orders/1/update-part-usage
accept-encoding: gzip, deflate, br
accept: */*
content-length: 53
content-type: application/json
user-agent: httpyac
x-employee-id: 2

[
  {
    "partId": 1,
    "quantityUsed": 9999
  }
]
HTTP/1.1 404  - Not Found
connection: close
content-type: text/plain; charset=utf-8
date: Thu, 23 Apr 2026 17:51:56 GMT
server: Kestrel
transfer-encoding: chunked

WorkOrder with ID 1 not found.

---------------------

=== Update Part Usage – 400 Bad Request (negative quantity) ===

PUT http://localhost:5190/api/work-orders/1/update-part-usage
accept-encoding: gzip, deflate, br
accept: */*
content-length: 51
content-type: application/json
user-agent: httpyac
x-employee-id: 2

[
  {
    "partId": 1,
    "quantityUsed": -1
  }
]
HTTP/1.1 404  - Not Found
connection: close
content-type: text/plain; charset=utf-8
date: Thu, 23 Apr 2026 17:51:56 GMT
server: Kestrel
transfer-encoding: chunked

WorkOrder with ID 1 not found.

---------------------

=== Register New Customer ===

POST http://localhost:5190/api/customers/register
accept-encoding: gzip, deflate, br
accept: */*
content-length: 166
content-type: application/json
user-agent: httpyac

{
  "firstName": "John",
  "lastName": "Doe",
  "username": "johndoe",
  "email": "john@example.com",
  "password": "securepassword",
  "phoneNumber": "+1234567890"
}
HTTP/1.1 201  - Created
connection: close
content-type: application/json; charset=utf-8
date: Thu, 23 Apr 2026 17:51:56 GMT
location: http://localhost:5190/api/customers/me?customerId=1
server: Kestrel
transfer-encoding: chunked

{
  "id": 1,
  "userId": 1,
  "phoneNumber": "+1234567890",
  "createdAt": "2026-04-23T17:51:57.008485",
  "updatedAt": "2026-04-23T17:51:57.008485",
  "user": {
    "id": 1,
    "firstName": "John",
    "lastName": "Doe",
    "username": "johndoe",
    "email": "john@example.com",
    "role": "Customer"
  }
}

---------------------

=== Register Customer – 400 Bad Request (email already exists) ===

POST http://localhost:5190/api/customers/register
accept-encoding: gzip, deflate, br
accept: */*
content-length: 166
content-type: application/json
user-agent: httpyac

{
  "firstName": "Jane",
  "lastName": "Doe",
  "username": "janedoe",
  "email": "youssef@example.com",
  "password": "password123",
  "phoneNumber": "+0987654321"
}
HTTP/1.1 201  - Created
connection: close
content-type: application/json; charset=utf-8
date: Thu, 23 Apr 2026 17:51:56 GMT
location: http://localhost:5190/api/customers/me?customerId=2
server: Kestrel
transfer-encoding: chunked

{
  "id": 2,
  "userId": 2,
  "phoneNumber": "+0987654321",
  "createdAt": "2026-04-23T17:51:57.1035813",
  "updatedAt": "2026-04-23T17:51:57.1035813",
  "user": {
    "id": 2,
    "firstName": "Jane",
    "lastName": "Doe",
    "username": "janedoe",
    "email": "youssef@example.com",
    "role": "Customer"
  }
}

---------------------

=== Get Customer Profile (Using X-Customer-Id) ===

GET http://localhost:5190/api/customers/me
accept-encoding: gzip, deflate, br
accept: application/json
user-agent: httpyac
x-customer-id: 1
HTTP/1.1 200  - OK
connection: close
content-type: application/json; charset=utf-8
date: Thu, 23 Apr 2026 17:51:56 GMT
server: Kestrel
transfer-encoding: chunked

{
  "id": 1,
  "userId": 1,
  "phoneNumber": "+1234567890",
  "createdAt": "2026-04-23T17:51:57.008485",
  "updatedAt": "2026-04-23T17:51:57.008485",
  "user": {
    "id": 1,
    "firstName": "John",
    "lastName": "Doe",
    "email": "john@example.com",
    "role": "Customer"
  }
}

---------------------

=== Get Customer Profile – NOT FOUND (id=999) ===

GET http://localhost:5190/api/customers/me
accept-encoding: gzip, deflate, br
accept: application/json
user-agent: httpyac
x-customer-id: 999
HTTP/1.1 404  - Not Found
connection: close
content-type: application/json; charset=utf-8
date: Thu, 23 Apr 2026 17:51:56 GMT
server: Kestrel
transfer-encoding: chunked

"Customer with ID 999 not found."

---------------------

=== Update Customer Profile (Using X-Customer-Id) ===

PUT http://localhost:5190/api/customers/me
accept-encoding: gzip, deflate, br
accept: */*
content-length: 34
content-type: application/json
user-agent: httpyac
x-customer-id: 1

{
  "phoneNumber": "+0987654321"
}
HTTP/1.1 200  - OK
connection: close
content-type: application/json; charset=utf-8
date: Thu, 23 Apr 2026 17:51:56 GMT
server: Kestrel
transfer-encoding: chunked

{
  "id": 1,
  "userId": 1,
  "phoneNumber": "+0987654321",
  "createdAt": "2026-04-23T17:51:57.008485",
  "updatedAt": "2026-04-23T17:51:57.1590922",
  "user": {
    "id": 1,
    "firstName": "John",
    "lastName": "Doe",
    "email": "john@example.com",
    "role": "Customer"
  }
}

---------------------

=== Get Customer Vehicles (Using X-Customer-Id) ===

GET http://localhost:5190/api/customers/me/vehicles
accept-encoding: gzip, deflate, br
accept: application/json
user-agent: httpyac
x-customer-id: 1
HTTP/1.1 200  - OK
connection: close
content-type: application/json; charset=utf-8
date: Thu, 23 Apr 2026 17:51:56 GMT
server: Kestrel
transfer-encoding: chunked

[]

---------------------

=== Add Vehicle to Customer (Using X-Customer-Id) ===

POST http://localhost:5190/api/customers/me/vehicles
accept-encoding: gzip, deflate, br
accept: */*
content-length: 115
content-type: application/json
user-agent: httpyac
x-customer-id: 1

{
  "make": "Honda",
  "model": "Civic",
  "year": 2022,
  "licensePlate": "XYZ789",
  "vin": "2HGCM82633A654321"
}
HTTP/1.1 201  - Created
connection: close
content-type: application/json; charset=utf-8
date: Thu, 23 Apr 2026 17:51:56 GMT
location: http://localhost:5190/api/customers/me/vehicles?customerId=1
server: Kestrel
transfer-encoding: chunked

{
  "id": 1,
  "customerId": 1,
  "make": "Honda",
  "model": "Civic",
  "year": 2022,
  "licensePlate": "XYZ789",
  "vin": "2HGCM82633A654321",
  "createdAt": "2026-04-23T17:51:57.1981549",
  "updatedAt": "2026-04-23T17:51:57.1981549"
}

---------------------

=== Update Vehicle (Using X-Customer-Id) ===

PUT http://localhost:5190/api/vehicles/1
accept-encoding: gzip, deflate, br
accept: */*
content-length: 118
content-type: application/json
user-agent: httpyac
x-customer-id: 1

{
  "make": "Toyota",
  "model": "Camry",
  "year": 2023,
  "licensePlate": "NEWPLATE",
  "vin": "1HGCM82633A123456"
}
HTTP/1.1 200  - OK
connection: close
content-type: application/json; charset=utf-8
date: Thu, 23 Apr 2026 17:51:56 GMT
server: Kestrel
transfer-encoding: chunked

{
  "id": 1,
  "customerId": 1,
  "make": "Toyota",
  "model": "Camry",
  "year": 2023,
  "licensePlate": "NEWPLATE",
  "vin": "1HGCM82633A123456",
  "createdAt": "2026-04-23T17:51:57.198154",
  "updatedAt": "2026-04-23T17:51:57.2725211"
}

---------------------

=== Update Vehicle – 404 Not Found (vehicle id=999) ===

PUT http://localhost:5190/api/vehicles/999
accept-encoding: gzip, deflate, br
accept: */*
content-length: 115
content-type: application/json
user-agent: httpyac
x-customer-id: 1

{
  "make": "Honda",
  "model": "Civic",
  "year": 2023,
  "licensePlate": "XYZ789",
  "vin": "2HGCM82633A654321"
}
HTTP/1.1 404  - Not Found
connection: close
content-type: text/plain; charset=utf-8
date: Thu, 23 Apr 2026 17:51:56 GMT
server: Kestrel
transfer-encoding: chunked

Vehicle with ID 999 not found.

---------------------

=== Update Vehicle – 403 Forbidden (vehicle doesn't belong to customer) ===

PUT http://localhost:5190/api/vehicles/2
accept-encoding: gzip, deflate, br
accept: */*
content-length: 115
content-type: application/json
user-agent: httpyac
x-customer-id: 1

{
  "make": "Honda",
  "model": "Civic",
  "year": 2023,
  "licensePlate": "XYZ789",
  "vin": "2HGCM82633A654321"
}
HTTP/1.1 404  - Not Found
connection: close
content-type: text/plain; charset=utf-8
date: Thu, 23 Apr 2026 17:51:56 GMT
server: Kestrel
transfer-encoding: chunked

Vehicle with ID 2 not found.

---------------------

=== Delete Vehicle (Using X-Customer-Id) ===

DELETE http://localhost:5190/api/vehicles/1
accept-encoding: gzip, deflate, br
accept: */*
user-agent: httpyac
x-customer-id: 1
HTTP/1.1 204  - No Content
connection: close
date: Thu, 23 Apr 2026 17:51:56 GMT
server: Kestrel

---------------------

=== Delete Vehicle – 404 Not Found (vehicle id=999) ===

DELETE http://localhost:5190/api/vehicles/999
accept-encoding: gzip, deflate, br
accept: */*
user-agent: httpyac
x-customer-id: 1
HTTP/1.1 404  - Not Found
connection: close
content-type: text/plain; charset=utf-8
date: Thu, 23 Apr 2026 17:51:56 GMT
server: Kestrel
transfer-encoding: chunked

Vehicle with ID 999 not found.

---------------------

=== Delete Vehicle – 403 Forbidden (vehicle doesn't belong to customer) ===

DELETE http://localhost:5190/api/vehicles/2
accept-encoding: gzip, deflate, br
accept: */*
user-agent: httpyac
x-customer-id: 1
HTTP/1.1 404  - Not Found
connection: close
content-type: text/plain; charset=utf-8
date: Thu, 23 Apr 2026 17:51:56 GMT
server: Kestrel
transfer-encoding: chunked

Vehicle with ID 2 not found.

82 requests processed (82 succeeded)
